MySQL Shell 8.0.12

Copyright (c) 2016, 2018, Oracle and/or its affiliates. All rights reserved.

Oracle is a registered trademark of Oracle Corporation and/or its
affiliates. Other names may be trademarks of their respective
owners.

Type '\help' or '\?' for help; '\quit' to exit.


 MySQL  JS > \sql
Switching to SQL mode... Commands end with ;

 MySQL  SQL > \connect -c root@localhost
The -c option is deprecated, please use --mysql or -mc instead
Creating a Classic session to 'root@localhost'
Please provide the password for 'root@localhost': ****
Save password for 'root@localhost:3306'? [Y]es/[N]o/Ne[v]er (default No): n
Fetching schema names for autocompletion... Press ^C to stop.
Your MySQL connection id is 7
Server version: 5.5.61 MySQL Community Server (GPL)
No default schema selected; type \use <schema> to set one.

 MySQL  localhost:3306  SQL > create database evaluacion_3;
Query OK, 1 row affected (0.0016 sec)

 MySQL  localhost:3306  SQL > \use evaluacion_3
Default schema set to `evaluacion_3`.
Fetching table and column names from `evaluacion_3` for auto-completion... Press ^C to stop.

 MySQL  localhost:3306  evaluacion_3  SQL > select genera_rfc('francisco', 'ramirez', 'luna', '1997-10-24');
+----------------------------------------------------------+
| genera_rfc('francisco', 'ramirez', 'luna', '1997-10-24') |
+----------------------------------------------------------+
| RALF19971024                                             |
+----------------------------------------------------------+
1 row in set (0.0012 sec)

 MySQL  localhost:3306  evaluacion_3  SQL > select suma_numeros(25, 56);
+----------------------+
| suma_numeros(25, 56) |
+----------------------+
|                   81 |
+----------------------+
1 row in set (0.0004 sec)

 MySQL  localhost:3306  evaluacion_3  SQL > \use northwind
Default schema set to `northwind`.
Fetching table and column names from `northwind` for auto-completion... Press ^C to stop.

 MySQL  localhost:3306  northwind  SQL > select customer_id from customers;
ERROR: 1054 (42S22): Unknown column 'customer_id' in 'field list'

 MySQL  localhost:3306  northwind  SQL > select customerid from customers;
+------------+
| customerid |
+------------+
| HUNGO      |
| Val2       |
| VALON      |
| WOLZA      |
| QUICK      |
| QUEDE      |
| RICAR      |
| MORGK      |
| GOURL      |
| ANATR      |
| CENTC      |
| ANTON      |
| PERIC      |
| TORTU      |
| COMMI      |
| FAMIA      |
| HANAR      |
| QUEEN      |
| TRADH      |
| GALED      |
| WELLI      |
| CACTU      |
| OCEAN      |
| RANCH      |
| FRANS      |
| GROSR      |
| RICSU      |
| ALFKI      |
| BONAP      |
| KOENE      |
| FURIB      |
| SIMOB      |
| PRINI      |
| WILMK      |
| MAGAA      |
| ROMEY      |
| BOLID      |
| FISSA      |
| CHOPS      |
| LAMAI      |
| LILAS      |
| SANTG      |
| GODOS      |
| REGGC      |
| DUMON      |
| FRANR      |
| TOMSP      |
| LINOD      |
| PICCO      |
| HILAA      |
| OTTIK      |
| VINET      |
| DRACD      |
| FOLIG      |
| THECR      |
| LEHMS      |
| BLONP      |
| BLAUS      |
| VICTE      |
| WANDK      |
| PARIS      |
| SPECD      |
| LACOR      |
| ERNSH      |
| FRANK      |
| VAFFE      |
| SPLIR      |
| SAVEA      |
| RATTC      |
| WARTH      |
| LETSS      |
| THEBI      |
| LONEP      |
| GREAL      |
| HUNGC      |
| TRAIH      |
| WHITC      |
| LAZYK      |
| OLDWO      |
| MAISD      |
| SUPRD      |
| BSBEV      |
| MEREP      |
| SEVES      |
| ISLAT      |
| FOLKO      |
| BERGS      |
| NORTS      |
| BOTTM      |
| LAUGB      |
| AROUT      |
| CONSH      |
| EASTC      |
+------------+
93 rows in set (0.0003 sec)

 MySQL  localhost:3306  northwind  SQL > select total_orders('FRANK');
+-----------------------+
| total_orders('FRANK') |
+-----------------------+
|                    48 |
+-----------------------+
1 row in set (0.0669 sec)

 MySQL  localhost:3306  northwind  SQL > select cuentaclientes();
+------------------+
| cuentaclientes() |
+------------------+
|               93 |
+------------------+
1 row in set (0.0004 sec)

 MySQL  localhost:3306  northwind  SQL > select contar_cliente_cursor();
ERROR: 1305 (42000): FUNCTION northwind.contar_cliente_cursor does not exist

 MySQL  localhost:3306  northwind  SQL > select contar_clientes_cursor();
ERROR: 1054 (42S22): ClassicResult.fetchOne: Unknown column 'cusstomerid' in 'field list'

 MySQL  localhost:3306  northwind  SQL > select contar_clientes_cursor();
+--------------------------+
| contar_clientes_cursor() |
+--------------------------+
|                       93 |
+--------------------------+
1 row in set (0.0007 sec)

 MySQL  localhost:3306  northwind  SQL > create table temp_customer (id varchar(5));
Query OK, 0 rows affected (0.1247 sec)

 MySQL  localhost:3306  northwind  SQL > select contar_clientes_cursor_2();
+----------------------------+
| contar_clientes_cursor_2() |
+----------------------------+
|                         93 |
+----------------------------+
1 row in set (0.0410 sec)

 MySQL  localhost:3306  northwind  SQL > select * from temp_customer;
+-------+
| id    |
+-------+
| HUNGO |
| Val2  |
| VALON |
| WOLZA |
| QUICK |
| QUEDE |
| RICAR |
| MORGK |
| GOURL |
| ANATR |
| CENTC |
| ANTON |
| PERIC |
| TORTU |
| COMMI |
| FAMIA |
| HANAR |
| QUEEN |
| TRADH |
| GALED |
| WELLI |
| CACTU |
| OCEAN |
| RANCH |
| FRANS |
| GROSR |
| RICSU |
| ALFKI |
| BONAP |
| KOENE |
| FURIB |
| SIMOB |
| PRINI |
| WILMK |
| MAGAA |
| ROMEY |
| BOLID |
| FISSA |
| CHOPS |
| LAMAI |
| LILAS |
| SANTG |
| GODOS |
| REGGC |
| DUMON |
| FRANR |
| TOMSP |
| LINOD |
| PICCO |
| HILAA |
| OTTIK |
| VINET |
| DRACD |
| FOLIG |
| THECR |
| LEHMS |
| BLONP |
| BLAUS |
| VICTE |
| WANDK |
| PARIS |
| SPECD |
| LACOR |
| ERNSH |
| FRANK |
| VAFFE |
| SPLIR |
| SAVEA |
| RATTC |
| WARTH |
| LETSS |
| THEBI |
| LONEP |
| GREAL |
| HUNGC |
| TRAIH |
| WHITC |
| LAZYK |
| OLDWO |
| MAISD |
| SUPRD |
| BSBEV |
| MEREP |
| SEVES |
| ISLAT |
| FOLKO |
| BERGS |
| NORTS |
| BOTTM |
| LAUGB |
| AROUT |
| CONSH |
| EASTC |
+-------+
93 rows in set (0.0003 sec)

 MySQL  localhost:3306  northwind  SQL >