MySQL Shell 8.0.12

Copyright (c) 2016, 2018, Oracle and/or its affiliates. All rights reserved.

Oracle is a registered trademark of Oracle Corporation and/or its
affiliates. Other names may be trademarks of their respective
owners.

Type '\help' or '\?' for help; '\quit' to exit.


 MySQL  JS > \sql
Switching to SQL mode... Commands end with ;

 MySQL  SQL > \connect -c root@localhost
The -c option is deprecated, please use --mysql or -mc instead
Creating a Classic session to 'root@localhost'
Please provide the password for 'root@localhost': ****
Save password for 'root@localhost:3306'? [Y]es/[N]o/Ne[v]er (default No): n
Fetching schema names for autocompletion... Press ^C to stop.
Your MySQL connection id is 10
Server version: 5.5.61 MySQL Community Server (GPL)
No default schema selected; type \use <schema> to set one.

 MySQL  localhost:3306  SQL > \use northwind
Default schema set to `northwind`.
Fetching table and column names from `northwind` for auto-completion... Press ^C to stop.

 MySQL  localhost:3306  northwind  SQL > show tables;
+----------------------+
| Tables_in_northwind  |
+----------------------+
| account              |
| categories           |
| customercustomerdemo |
| customerdemographics |
| customers            |
| empleados            |
| employees            |
| employeeterritories  |
| lista_empleados      |
| lista_empleados_a    |
| nombre_cliente       |
| orderdetails         |
| orders               |
| pagos_empleados      |
| personas             |
| products             |
| prueba2              |
| region               |
| rfc_gringos          |
| shippers             |
| suppliers            |
| temp_customer        |
| territories          |
| ventas_producto      |
+----------------------+
24 rows in set (0.0005 sec)

 MySQL  localhost:3306  northwind  SQL > call consulta_clientes();
+------------+--------------------------------------+-------------------------+
| customerid | companyname                          | contactname             |
+------------+--------------------------------------+-------------------------+
| ALFKI      | Alfreds Futterkiste                  | Maria Anders            |
| ANATR      | Ana Trujillo Emparedados y helados   | Ana Trujillo            |
| ANTON      | Antonio Moreno Taquera               | Antonio Moreno          |
| AROUT      | Around the Horn                      | Thomas Hardy            |
| BERGS      | Berglunds snabbkp                    | Christina Berglund      |
| BLAUS      | Blauer See Delikatessen              | Hanna Moos              |
| BLONP      | Blondesddsl pre et fils              | Frdrique Citeaux        |
| BOLID      | Blido Comidas preparadas             | Martn Sommer            |
| BONAP      | Bon app'                             | Laurence Lebihan        |
| BOTTM      | Bottom-Dollar Markets                | Elizabeth Lincoln       |
| BSBEV      | B's Beverages                        | Victoria Ashworth       |
| CACTU      | Cactus Comidas para llevar           | Patricio Simpson        |
| CENTC      | Centro comercial Moctezuma           | Francisco Chang         |
| CHOPS      | Chop-suey Chinese                    | Yang Wang               |
| COMMI      | Comrcio Mineiro                      | Pedro Afonso            |
| CONSH      | Consolidated Holdings                | Elizabeth Brown         |
| DRACD      | Drachenblut Delikatessen             | Sven Ottlieb            |
| DUMON      | Du monde entier                      | Janine Labrune          |
| EASTC      | Eastern Connection                   | Ann Devon               |
| ERNSH      | Ernst Handel                         | Roland Mendel           |
| FAMIA      | Familia Arquibaldo                   | Aria Cruz               |
| FISSA      | FISSA Fabrica Inter. Salchichas S.A. | Diego Roel              |
| FOLIG      | Folies gourmandes                    | Martine Ranc            |
| FOLKO      | Folk och f HB                        | Maria Larsson           |
| FRANK      | Frankenversand                       | Peter Franken           |
| FRANR      | France restauration                  | Carine Schmitt          |
| FRANS      | Franchi S.p.A.                       | Paolo Accorti           |
| FURIB      | Furia Bacalhau e Frutos do Mar       | Lino Rodriguez          |
| GALED      | Galera del gastrnomo                 | Eduardo Saavedra        |
| GODOS      | Godos Cocina Tpica                   | Jos Pedro Freyre        |
| GOURL      | Gourmet Lanchonetes                  | Andr Fonseca            |
| GREAL      | Great Lakes Food Market              | Howard Snyder           |
| GROSR      | GROSELLA-Restaurante                 | Manuel Pereira          |
| HANAR      | Hanari Carnes                        | Mario Pontes            |
| HILAA      | HILARION-Abastos                     | Carlos Hernndez         |
| HUNGC      | Hungry Coyote Import Store           | Yoshi Latimer           |
| HUNGO      | Hungry Owl All-Night Grocers         | Patricia McKenna        |
| ISLAT      | Island Trading                       | Helen Bennett           |
| KOENE      | Kniglich Essen                       | Philip Cramer           |
| LACOR      | La corne d'abondance                 | Daniel Tonini           |
| LAMAI      | La maison d'Asie                     | Annette Roulet          |
| LAUGB      | Laughing Bacchus Wine Cellars        | Yoshi Tannamuri         |
| LAZYK      | Lazy K Kountry Store                 | John Steel              |
| LEHMS      | Lehmanns Marktstand                  | Renate Messner          |
| LETSS      | Let's Stop N Shop                    | Jaime Yorres            |
| LILAS      | LILA-Supermercado                    | Carlos Gonzlez          |
| LINOD      | LINO-Delicateses                     | Felipe Izquierdo        |
| LONEP      | Lonesome Pine Restaurant             | Fran Wilson             |
| MAGAA      | Magazzini Alimentari Riuniti         | Giovanni Rovelli        |
| MAISD      | Maison Dewey                         | Catherine Dewey         |
| MEREP      | Mre Paillarde                        | Jean Fresnire           |
| MORGK      | Morgenstern Gesundkost               | Alexander Feuer         |
| NORTS      | North/South                          | Simon Crowther          |
| OCEAN      | Ocano Atlntico Ltda.                 | Yvonne Moncada          |
| OLDWO      | Old World Delicatessen               | Rene Phillips           |
| OTTIK      | Ottilies Kseladen                    | Henriette Pfalzheim     |
| PARIS      | Paris spcialits                      | Marie Bertrand          |
| PERIC      | Pericles Comidas clsicas             | Guillermo Fernndez      |
| PICCO      | Piccolo und mehr                     | Georg Pipps             |
| PRINI      | Princesa Isabel Vinhos               | Isabel de Castro        |
| QUEDE      | Que Delcia                           | Bernardo Batista        |
| QUEEN      | Queen Cozinha                        | Lcia Carvalho           |
| QUICK      | QUICK-Stop                           | Horst Kloss             |
| RANCH      | Rancho grande                        | Sergio Gutirrez         |
| RATTC      | Rattlesnake Canyon Grocery           | Paula Wilson            |
| REGGC      | Reggiani Caseifici                   | Maurizio Moroni         |
| RICAR      | Ricardo Adocicados                   | Janete Limeira          |
| RICSU      | Richter Supermarkt                   | Michael Holz            |
| ROMEY      | Romero y tomillo                     | Alejandra Camino        |
| SANTG      | Sant Gourmet                         | Jonas Bergulfsen        |
| SAVEA      | Save-a-lot Markets                   | Jose Pavarotti          |
| SEVES      | Seven Seas Imports                   | Hari Kumar              |
| SIMOB      | Simons bistro                        | Jytte Petersen          |
| SPECD      | Spcialits du monde                   | Dominique Perrier       |
| SPLIR      | Split Rail Beer & Ale                | Art Braunschweiger      |
| SUPRD      | Suprmes dlices                       | Pascale Cartrain        |
| THEBI      | The Big Cheese                       | Liz Nixon               |
| THECR      | The Cracker Box                      | Liu Wong                |
| TOMSP      | Toms Spezialitten                    | Karin Josephs           |
| TORTU      | Tortuga Restaurante                  | Miguel Angel Paolino    |
| TRADH      | Tradio Hipermercados                 | Anabela Domingues       |
| TRAIH      | Trail's Head Gourmet Provisioners    | Helvetius Nagy          |
| VAFFE      | Vaffeljernet                         | Palle Ibsen             |
| Val2       | IT                                   | Val2                    |
| VALON      | IT                                   | Valon Hoti              |
| VICTE      | Victuailles en stock                 | Mary Saveley            |
| VINET      | Vins et alcools Chevalier            | Paul Henriot            |
| WANDK      | Die Wandernde Kuh                    | Rita Mller              |
| WARTH      | Wartian Herkku                       | Pirkko Koskitalo        |
| WELLI      | Wellington Importadora               | Paula Parente           |
| WHITC      | White Clover Markets                 | Karl Jablonski          |
| WILMK      | Wilman Kala                          | Matti Karttunen         |
| WOLZA      | Wolski  Zajazd                       | Zbyszek Piestrzeniewicz |
+------------+--------------------------------------+-------------------------+
93 rows in set (0.0006 sec)
Empty set (0.0006 sec)

 MySQL  localhost:3306  northwind  SQL > call conteo_clientes();
ERROR: 1318 (42000): Incorrect number of arguments for PROCEDURE northwind.conteo_clientes; expected 1, got 0

 MySQL  localhost:3306  northwind  SQL > call conteo_clientes(@conteo);
Query OK, 1 row affected (0.0003 sec)

 MySQL  localhost:3306  northwind  SQL > select @conteo;
+---------+
| @conteo |
+---------+
|      93 |
+---------+
1 row in set (0.0002 sec)

 MySQL  localhost:3306  northwind  SQL > call conteo_clientes_filtro('A',@conteo);
ERROR: 1054 (42S22): Unknown column 'letras' in 'where clause'

 MySQL  localhost:3306  northwind  SQL > call conteo_clientes_filtro('A',@conteo);
Query OK, 1 row affected (0.0004 sec)

 MySQL  localhost:3306  northwind  SQL > select @conteo;
+---------+
| @conteo |
+---------+
|       4 |
+---------+
1 row in set (0.0002 sec)

 MySQL  localhost:3306  northwind  SQL > call agregar_region('mi casa');
Query OK, 1 row affected (0.0436 sec)

 MySQL  localhost:3306  northwind  SQL > select * from region;
+----------+----------------------------------------------------+
| RegionID | RegionDescription                                  |
+----------+----------------------------------------------------+
|        1 | Eastern                                            |
|        2 | Westerns                                           |
|        3 | Northern                                           |
|        4 | Southern                                           |
|        5 | mi casa                                            |
+----------+----------------------------------------------------+
5 rows in set (0.0005 sec)

 MySQL  localhost:3306  northwind  SQL > show tables;
+----------------------+
| Tables_in_northwind  |
+----------------------+
| account              |
| categories           |
| customercustomerdemo |
| customerdemographics |
| customers            |
| empleados            |
| employees            |
| employeeterritories  |
| lista_empleados      |
| lista_empleados_a    |
| nombre_cliente       |
| orderdetails         |
| orders               |
| pagos_empleados      |
| personas             |
| products             |
| prueba2              |
| region               |
| rfc_gringos          |
| shippers             |
| suppliers            |
| temp_customer        |
| territories          |
| ventas_producto      |
+----------------------+
24 rows in set (0.0007 sec)